// Jest Snapshot v1, https://goo.gl/fbAQLP

exports[`app/page renders 'Page not found' when sanityFetch returns null 1`] = `
<div>
  <div>
    <p>
      Page not found
    </p>
  </div>
</div>
`;

exports[`app/page renders the Home page with settings data 1`] = `
<div>
  <div
    class="container mx-auto h-screen p-4"
  >
    <button
      aria-live="polite"
      class="theme-toggle absolute top-15 right-6 cursor-pointer md:relative md:top-auto md:right-auto"
      id="theme-toggle"
      title="Toggles light & dark"
    >
      <svg
        aria-hidden="true"
        class="sun-and-moon"
        fill="currentColor"
        height="24"
        viewBox="0 0 24 24"
        width="24"
      >
        <mask
          class="moon"
          id="moon-mask"
        >
          <rect
            fill="white"
            height="100%"
            width="100%"
            x="0"
            y="0"
          />
          <circle
            cx="24"
            cy="10"
            fill="black"
            r="6"
          />
        </mask>
        <circle
          class="sun"
          cx="12"
          cy="12"
          fill="currentColor"
          mask="url(#moon-mask)"
          r="6"
        />
        <g
          class="sun-beams"
          stroke="currentColor"
        >
          <line
            x1="12"
            x2="12"
            y1="1"
            y2="3"
          />
          <line
            x1="12"
            x2="12"
            y1="21"
            y2="23"
          />
          <line
            x1="4.22"
            x2="5.64"
            y1="4.22"
            y2="5.64"
          />
          <line
            x1="18.36"
            x2="19.78"
            y1="18.36"
            y2="19.78"
          />
          <line
            x1="1"
            x2="3"
            y1="12"
            y2="12"
          />
          <line
            x1="21"
            x2="23"
            y1="12"
            y2="12"
          />
          <line
            x1="4.22"
            x2="5.64"
            y1="19.78"
            y2="18.36"
          />
          <line
            x1="18.36"
            x2="19.78"
            y1="5.64"
            y2="4.22"
          />
        </g>
      </svg>
    </button>
    <main
      class="grid grid-cols-6 gap-4 md:h-full"
    >
      <div
        class="col-span-6 md:col-span-2 md:content-center"
      >
        <h1
          class="mb-4 text-3xl font-bold md:text-5xl"
        >
          Test Title
        </h1>
        <p
          class="mb-4 text-xl"
        >
          Test Description
        </p>
        <ul
          class="flex gap-2"
        >
          <li
            class="scale-100 transition-transform duration-100 hover:scale-110"
          >
            <a
              aria-label="facebook icon"
              href="https://facebook.com"
              target="_blank"
              title="facebook"
            >
              svgrurl
            </a>
          </li>
          <li
            class="scale-100 transition-transform duration-100 hover:scale-110"
          >
            <a
              aria-label="twitter icon"
              href="https://twitter.com"
              target="_blank"
              title="twitter"
            >
              svgrurl
            </a>
          </li>
        </ul>
      </div>
      <div
        class="col-span-3 content-center"
      >
        <nav
          class="flex flex-col text-7xl font-extralight md:text-9xl"
        >
          <a
            class=" mr-2 hover:font-bold hover:italic md:mr-auto"
            href="/"
          >
            Home
          </a>
          <a
            class=" mr-2 hover:font-bold hover:italic md:mr-auto"
            href="/about"
          >
            About
          </a>
          <a
            class=" mr-2 hover:font-bold hover:italic md:mr-auto"
            href="/projects"
          >
            Projects
          </a>
          <a
            class=" mr-2 hover:font-bold hover:italic md:mr-auto"
            href="/blog"
          >
            Blog
          </a>
        </nav>
      </div>
    </main>
  </div>
</div>
`;
