// Jest Snapshot v1, https://goo.gl/fbAQLP

exports[`app/page renders 'Page not found' when sanityFetch returns null 1`] = `
<div>
  <div>
    <p>
      [Page not found]
    </p>
  </div>
</div>
`;

exports[`app/page renders the Home page with settings data 1`] = `
<div>
  <div
    class="grid grid-rows-[20px_1fr_20px] items-center justify-items-center min-h-screen p-8 pb-20 gap-16 sm:p-20 font-[family-name:var(--font-geist-sans)]"
  >
    <main
      class="flex flex-col gap-8 row-start-2 items-center sm:items-start"
    >
      <h1
        class="text-5xl"
      >
        Test Title
      </h1>
      <p>
        Test Description
      </p>
      <ul>
        <li>
          <a
            aria-label="facebook icon"
            href="https://facebook.com"
            target="_blank"
            title="facebook"
          >
            svgrurl
          </a>
        </li>
        <li>
          <a
            aria-label="twitter icon"
            href="https://twitter.com"
            target="_blank"
            title="twitter"
          >
            svgrurl
          </a>
        </li>
      </ul>
    </main>
  </div>
</div>
`;
