// Jest Snapshot v1, https://goo.gl/fbAQLP

exports[`app/page renders 'Page not found' when sanityFetch returns null 1`] = `
<div>
  <div>
    <p>
      Page not found
    </p>
  </div>
</div>
`;

exports[`app/page renders the Home page with settings data 1`] = `
<div>
  <div
    class="container mx-auto h-screen"
  >
    <main
      class="grid grid-cols-5 h-full gap-4"
    >
      <div
        class="col-span-2 content-center"
      >
        <h1
          class="text-5xl font-bold mb-4"
        >
          Test Title
        </h1>
        <p
          class="text-xl mb-4"
        >
          Test Description
        </p>
        <ul
          class="flex gap-2"
        >
          <li
            class=""
          >
            <a
              aria-label="facebook icon"
              href="https://facebook.com"
              target="_blank"
              title="facebook"
            >
              svgrurl
            </a>
          </li>
          <li
            class=""
          >
            <a
              aria-label="twitter icon"
              href="https://twitter.com"
              target="_blank"
              title="twitter"
            >
              svgrurl
            </a>
          </li>
        </ul>
      </div>
      <div
        class="col-span-3 content-center"
      >
        <nav
          class="flex flex-col text-9xl font-extralight"
        >
          <a
            class="false"
            href="/"
          >
            Home
          </a>
          <a
            class="false"
            href="/about"
          >
            About
          </a>
          <a
            class="false"
            href="/projects"
          >
            Projects
          </a>
          <a
            class="false"
            href="/blog"
          >
            Blog
          </a>
        </nav>
      </div>
    </main>
  </div>
</div>
`;
