// Jest Snapshot v1, https://goo.gl/fbAQLP

exports[`app/(pages)/about-me renders the page with correct data 1`] = `
<div>
  <div
    class="container mx-auto grid grid-cols-9"
  >
    <div
      class="sticky top-0 col-span-2 flex h-screen justify-end gap-4 p-6"
    >
      <div
        class="flex flex-col justify-end"
      >
        <span
          class="mb-2 text-lg font-bold"
          style="writing-mode: vertical-rl;"
        >
          Sander de Snaijer
        </span>
        <ul
          class="left-0 flex flex-col gap-2"
        >
          <li
            class=""
          >
            <a
              aria-label="github icon"
              href="https://github.com/sanderdesnaijer"
              target="_blank"
              title="github"
            >
              svgrurl
            </a>
          </li>
          <li
            class=""
          >
            <a
              aria-label="linkedin icon"
              href="https://www.linkedin.com/in/sanderdesnaijer/"
              target="_blank"
              title="linkedin"
            >
              svgrurl
            </a>
          </li>
          <li
            class=""
          >
            <a
              aria-label="gitlab icon"
              href="https://gitlab.com/sanderdesnaijer"
              target="_blank"
              title="gitlab"
            >
              svgrurl
            </a>
          </li>
        </ul>
      </div>
      <nav
        class="flex flex-col text-4xl font-extralight justify-end min-w-[172px] pl-4"
      >
        <a
          class=""
          href="/"
        >
          Home
        </a>
        <a
          class=""
          href="/about"
        >
          About
        </a>
        <a
          class=""
          href="/projects"
        >
          Projects
        </a>
        <a
          class=""
          href="/blog"
        >
          Blog
        </a>
      </nav>
    </div>
    <main
      class="prose prose-xl dark:prose-invert relative col-span-5 max-w-fit pt-24"
    >
      <div
        class="flex h-full flex-col"
      >
        <h1
          class="relative mb-10 text-8xl font-bold after:absolute after:right-0 after:-bottom-10 after:left-[-196px] after:h-px after:w-[100vw] after:bg-current dark:bg-white"
        >
          About Me
        </h1>
        <div
          class="relative flex-1 pt-12 pb-12 after:absolute after:top-0 after:right-0 after:bottom-0 after:left-[-196px] after:w-px after:bg-black dark:after:bg-white"
        >
          <div
            data-testid="portable-text"
          >
            [{"_type":"block","children":[{"text":"Mock body content","_type":"span","marks":[]}],"style":""}]
          </div>
          <h2>
            Experience
          </h2>
          <ol
            class="not-prose flex list-none flex-col gap-10 p-0"
          >
            <li
              class="flex"
            >
              <div
                class="w-1/5"
              >
                <p
                  class="mt-0 mb-2 text-right text-base"
                >
                  Jan 2022 - present
                </p>
              </div>
              <div
                class="w-4/5 pl-4"
              >
                <div
                  class="mb-2 flex"
                >
                  <img
                    alt="mock-job-image-url"
                    class="mt-0 h-fit"
                    data-nimg="1"
                    decoding="async"
                    height="56"
                    loading="lazy"
                    src="/_next/image?url=http%3A%2F%2Fmocked-image-url&w=128&q=75"
                    srcset="/_next/image?url=http%3A%2F%2Fmocked-image-url&w=64&q=75 1x, /_next/image?url=http%3A%2F%2Fmocked-image-url&w=128&q=75 2x"
                    style="color: transparent;"
                    width="56"
                  />
                  <div
                    class="pl-3"
                  >
                    <a
                      aria-label="[Link to] Company A"
                      href="https://test.com"
                      target="_blank"
                    >
                      <h3
                        class="text-lg leading-[18px] font-bold"
                      >
                        Company A
                      </h3>
                      <p
                        class="text-base"
                      >
                        Developer
                      </p>
                      <p
                        class="text-xs italic"
                      >
                        full-time
                         
                      </p>
                    </a>
                  </div>
                </div>
                <div
                  data-testid="portable-text"
                >
                  [{"_type":"block","children":[{"text":"Job description","_type":"span","marks":[]}],"style":""}]
                </div>
                <p
                  class="text-sm"
                >
                  React, TypeScript
                </p>
              </div>
            </li>
          </ol>
        </div>
      </div>
    </main>
    <div
      class="col-span-2 pt-24"
    >
      <div
        class="absolute z-10 -mt-8 -ml-8 border-b-1 border-black border-b-black bg-white p-2 before:absolute before:top-[168px] before:right-0 before:bottom-0 before:border-r before:border-black before:content-[''] after:absolute after:top-[168px] after:bottom-0 after:left-0 after:border-l after:border-black after:content-[''] dark:border-white dark:bg-black dark:before:border-white dark:after:border-white"
      >
        <img
          alt="Profile Picture"
          data-nimg="1"
          decoding="async"
          height="341"
          src="/_next/image?url=http%3A%2F%2Fmocked-image-url&w=640&q=75"
          srcset="/_next/image?url=http%3A%2F%2Fmocked-image-url&w=256&q=75 1x, /_next/image?url=http%3A%2F%2Fmocked-image-url&w=640&q=75 2x"
          style="color: transparent;"
          width="256"
        />
      </div>
    </div>
  </div>
</div>
`;
