// Jest Snapshot v1, https://goo.gl/fbAQLP

exports[`app/(pages)/about-me renders the page with correct data 1`] = `
<div>
  <div
    class="container mx-auto grid grid-cols-9"
  >
    <div
      class="bg top-0 z-20 col-span-9 justify-end gap-4 p-6 pb-0 md:sticky md:col-span-2 md:flex md:h-screen md:pb-6"
    >
      <div
        class="flex-col justify-between md:flex"
      >
        <button
          aria-live="polite"
          class="theme-toggle absolute top-15 right-6 cursor-pointer md:relative md:top-auto md:right-auto"
          id="theme-toggle"
          title="Toggles light & dark"
        >
          <svg
            aria-hidden="true"
            class="sun-and-moon"
            fill="currentColor"
            height="24"
            viewBox="0 0 24 24"
            width="24"
          >
            <mask
              class="moon"
              id="moon-mask"
            >
              <rect
                fill="white"
                height="100%"
                width="100%"
                x="0"
                y="0"
              />
              <circle
                cx="24"
                cy="10"
                fill="black"
                r="6"
              />
            </mask>
            <circle
              class="sun"
              cx="12"
              cy="12"
              fill="currentColor"
              mask="url(#moon-mask)"
              r="6"
            />
            <g
              class="sun-beams"
              stroke="currentColor"
            >
              <line
                x1="12"
                x2="12"
                y1="1"
                y2="3"
              />
              <line
                x1="12"
                x2="12"
                y1="21"
                y2="23"
              />
              <line
                x1="4.22"
                x2="5.64"
                y1="4.22"
                y2="5.64"
              />
              <line
                x1="18.36"
                x2="19.78"
                y1="18.36"
                y2="19.78"
              />
              <line
                x1="1"
                x2="3"
                y1="12"
                y2="12"
              />
              <line
                x1="21"
                x2="23"
                y1="12"
                y2="12"
              />
              <line
                x1="4.22"
                x2="5.64"
                y1="19.78"
                y2="18.36"
              />
              <line
                x1="18.36"
                x2="19.78"
                y1="5.64"
                y2="4.22"
              />
            </g>
          </svg>
        </button>
        <div
          class="flex justify-between md:block"
        >
          <span
            class="mb-2 text-lg font-bold md:[writing-mode:vertical-lr]"
          >
            Sander de Snaijer
          </span>
          <ul
            class="group left-0 flex gap-2 md:flex-col"
          >
            <li
              class="scale-100 transition-transform duration-100 hover:scale-110"
            >
              <a
                aria-label="github icon"
                href="https://github.com/sanderdesnaijer"
                target="_blank"
                title="github"
              >
                svgrurl
              </a>
            </li>
            <li
              class="scale-100 transition-transform duration-100 hover:scale-110"
            >
              <a
                aria-label="linkedin icon"
                href="https://www.linkedin.com/in/sanderdesnaijer/"
                target="_blank"
                title="linkedin"
              >
                svgrurl
              </a>
            </li>
            <li
              class="scale-100 transition-transform duration-100 hover:scale-110"
            >
              <a
                aria-label="gitlab icon"
                href="https://gitlab.com/sanderdesnaijer"
                target="_blank"
                title="gitlab"
              >
                svgrurl
              </a>
            </li>
          </ul>
        </div>
      </div>
      <nav
        class="flex md:flex-col md:text-4xl font-extralight md:justify-end min-w-[172px] md:pl-4"
      >
        <a
          class=" mr-2 hover:font-bold hover:italic md:mr-auto"
          href="/"
        >
          Home
        </a>
        <a
          class=" mr-2 hover:font-bold hover:italic md:mr-auto"
          href="/about"
        >
          About
        </a>
        <a
          class=" mr-2 hover:font-bold hover:italic md:mr-auto"
          href="/projects"
        >
          Projects
        </a>
        <a
          class=" mr-2 hover:font-bold hover:italic md:mr-auto"
          href="/blog"
        >
          Blog
        </a>
      </nav>
    </div>
    <main
      class="prose prose-xl dark:prose-invert relative col-span-9 max-w-fit px-6 pt-6 md:col-span-5 md:px-0 md:pt-24"
    >
      <div
        class="flex h-full flex-col"
      >
        <h1
          class="relative mb-10 text-5xl font-bold after:absolute after:right-0 after:-bottom-5 after:-left-10 after:h-px after:w-[100vw] after:bg-current md:text-8xl md:after:-bottom-10 md:after:left-[-196px] after:dark:bg-white"
        >
          About Me
        </h1>
        <div
          class="relative flex-1 pt-6 pb-12 after:absolute after:top-0 after:right-0 after:bottom-0 after:left-[-196px] after:w-px after:bg-black md:pt-12 dark:after:bg-white"
        >
          <div
            class="not-prose absolute -top-[169px] -right-[100px] z-10 mt-[60px] mr-[100px] w-[120px] border-b-1 border-black border-b-black bg-white p-2 before:absolute before:top-[88px] before:right-0 before:bottom-0 before:border-r before:border-black before:content-[''] after:absolute after:top-[88px] after:bottom-0 after:left-0 after:border-l after:border-black after:content-[''] md:mt-auto md:mr-auto md:w-auto md:before:top-[168px] md:after:top-[168px] dark:border-white dark:bg-black dark:before:border-white dark:after:border-white"
          >
            <img
              alt="Profile Picture"
              data-nimg="1"
              decoding="async"
              height="341"
              src="/_next/image?url=http%3A%2F%2Fmocked-image-url&w=640&q=75"
              srcset="/_next/image?url=http%3A%2F%2Fmocked-image-url&w=256&q=75 1x, /_next/image?url=http%3A%2F%2Fmocked-image-url&w=640&q=75 2x"
              style="color: transparent;"
              width="256"
            />
          </div>
          <div
            data-testid="portable-text"
          >
            [{"_type":"block","children":[{"text":"Mock body content","_type":"span","marks":[]}],"style":""}]
          </div>
          <h2
            class="font-normal"
          >
            Experience
          </h2>
          <ol
            class="not-prose group/list flex list-none flex-col gap-10 p-0"
          >
            <li
              class="group/item relative transition-colors delay-200 group-hover/list:opacity-70 hover:opacity-100 md:flex"
            >
              <div
                class="md:w-2/7"
              >
                <p
                  class="mt-0 mb-2 text-sm text-gray-400 italic md:text-right"
                >
                  Jan 2022 - present
                </p>
              </div>
              <div
                class="md:w-5/7 md:pl-4"
              >
                <div
                  class="mb-2 flex"
                >
                  <img
                    alt="mock-job-image-url"
                    class="mt-0 h-fit"
                    data-nimg="1"
                    decoding="async"
                    height="56"
                    loading="lazy"
                    src="/_next/image?url=http%3A%2F%2Fmocked-image-url&w=128&q=75"
                    srcset="/_next/image?url=http%3A%2F%2Fmocked-image-url&w=64&q=75 1x, /_next/image?url=http%3A%2F%2Fmocked-image-url&w=128&q=75 2x"
                    style="color: transparent;"
                    width="56"
                  />
                  <div
                    class="pl-3"
                  >
                    <a
                      aria-label="[Link to] Company A"
                      class="before:absolute before:inset-0 before:block before:h-full before:w-full"
                      href="https://test.com"
                      target="_blank"
                    >
                      <h3
                        class="text-lg leading-[18px] font-bold xl:-ml-[1px]"
                      >
                        Company A
                        <span
                          class="relative top-0.5 inline-block h-[20px] w-[20px] -translate-x-5 opacity-0 transition-all ease-in-out group-hover/item:translate-x-0 group-hover/item:opacity-100"
                        >
                          svgrurl
                        </span>
                      </h3>
                      <p
                        class="text-base"
                      >
                        Developer
                      </p>
                      <p
                        class="text-xs text-gray-400 italic"
                      >
                        full-time
                         
                      </p>
                    </a>
                  </div>
                </div>
                <div
                  data-testid="portable-text"
                >
                  [{"_type":"block","children":[{"text":"Job description","_type":"span","marks":[]}],"style":""}]
                </div>
                <ul
                  class="mt-4 -mb-0 flex list-none flex-wrap pl-0 text-xs"
                >
                  <li
                    class="mt-0 pr-2 pl-0 text-gray-400"
                  />
                  <li
                    class="mt-0 pr-2 pl-0 text-gray-400"
                  />
                </ul>
              </div>
            </li>
          </ol>
        </div>
      </div>
    </main>
  </div>
</div>
`;
