// Jest Snapshot v1, https://goo.gl/fbAQLP

exports[`app/(pages)/about-me renders the page with correct data 1`] = `
<div>
  <div
    class="grid grid-cols-9 container mx-auto"
  >
    <div
      class="col-span-2 sticky top-0 h-screen flex justify-end p-6"
    >
      <nav
        class="py-4 flex flex-col text-4xl font-extralight absolute bottom-0 text-right"
      >
        <a
          class="false"
          href="/"
        >
          Home
        </a>
        <a
          class="false"
          href="/about"
        >
          About
        </a>
        <a
          class="false"
          href="/projects"
        >
          Projects
        </a>
        <a
          class="false"
          href="/blog"
        >
          Blog
        </a>
      </nav>
    </div>
    <main
      class="prose prose-xl dark:prose-invert col-span-5 max-w-fit py-24 relative"
    >
      <h1
        class="font-bold text-8xl mb-10"
      >
        About Me
      </h1>
      <img
        alt="Profile Picture"
        class="absolute -right-10 -top-10"
        data-nimg="1"
        decoding="async"
        height="300"
        src="/_next/image?url=http%3A%2F%2Fmocked-image-url&w=640&q=75"
        srcset="/_next/image?url=http%3A%2F%2Fmocked-image-url&w=384&q=75 1x, /_next/image?url=http%3A%2F%2Fmocked-image-url&w=640&q=75 2x"
        style="color: transparent;"
        width="300"
      />
      <div
        data-testid="portable-text"
      >
        [{"_type":"block","children":[{"text":"Mock body content","_type":"span","marks":[]}],"style":""}]
      </div>
      <h2>
        Experience
      </h2>
      <ol
        class="list-none p-0 flex flex-col gap-10 not-prose"
      >
        <li
          class="flex"
        >
          <div
            class="w-1/5"
          >
            <p
              class="text-base text-right mt-0 mb-2"
            >
              Jan 2022 - present
            </p>
          </div>
          <div
            class="w-4/5 pl-4"
          >
            <div
              class="flex mb-2"
            >
              <img
                alt="mock-job-image-url"
                class="mt-0 h-fit"
                data-nimg="1"
                decoding="async"
                height="56"
                loading="lazy"
                src="/_next/image?url=http%3A%2F%2Fmocked-image-url&w=128&q=75"
                srcset="/_next/image?url=http%3A%2F%2Fmocked-image-url&w=64&q=75 1x, /_next/image?url=http%3A%2F%2Fmocked-image-url&w=128&q=75 2x"
                style="color: transparent;"
                width="56"
              />
              <div
                class="pl-2"
              >
                <a
                  aria-label="[Link to] Company A"
                  href="https://test.com"
                  target="_blank"
                >
                  <h3
                    class="text-lg font-bold"
                  >
                    Company A
                  </h3>
                  <p
                    class="text-base"
                  >
                    Developer
                  </p>
                </a>
              </div>
            </div>
            <div
              data-testid="portable-text"
            >
              [{"_type":"block","children":[{"text":"Job description","_type":"span","marks":[]}],"style":""}]
            </div>
            <p
              class="text-sm"
            >
              React, TypeScript
            </p>
          </div>
        </li>
      </ol>
    </main>
  </div>
</div>
`;
